\BOOKMARK [0][]{chapter.0}{\376\377\173\054\000\040\0000\000\040\172\340\000\040\176\352\213\272}{}% 1
\BOOKMARK [1][]{section.0.1}{\376\377\0000\000.\0001\000\040\121\205\133\271\173\200\116\313}{chapter.0}% 2
\BOOKMARK [1][]{section.0.2}{\376\377\0000\000.\0002\000\040\121\167\117\123\213\241\173\227\116\016\116\000\202\054\164\006\213\272}{chapter.0}% 3
\BOOKMARK [1][]{section.0.3}{\376\377\0000\000.\0003\000\040\121\375\145\160\163\257\116\016\121\340\117\125\203\003\165\164}{chapter.0}% 4
\BOOKMARK [1][]{section.0.4}{\376\377\0000\000.\0004\000\040\131\032\230\171\137\017\121\340\117\125}{chapter.0}% 5
\BOOKMARK [1][]{section.0.5}{\376\377\0000\000.\0005\000\040\040\034\176\257\116\343\145\160\133\232\116\111\040\035}{chapter.0}% 6
\BOOKMARK [1][]{section.0.6}{\376\377\0000\000.\0006\000\040\147\054\116\146\213\241\122\022}{chapter.0}% 7
\BOOKMARK [1][]{section.0.7}{\376\377\0000\000.\0007\000\040\147\054\213\376\172\013\166\204\121\110\117\356\167\345\213\306\000:}{chapter.0}% 8
\BOOKMARK [1][]{section.0.8}{\376\377\0000\000.\0008\000\040\213\376\172\013\166\370\121\163\230\206\127\337\000:}{chapter.0}% 9
\BOOKMARK [1][]{section.0.9}{\376\377\0000\000.\0009\000\040\173\054\0000\172\340\116\140\230\230}{chapter.0}% 10
\BOOKMARK [-1][]{part.1}{\376\377\173\054\116\000\220\350\122\006\000\040\163\251\217\154\136\163\227\142\146\362\176\277}{}% 11
\BOOKMARK [0][]{chapter.1}{\376\377\173\054\000\040\0001\000\040\172\340\000\040\136\163\227\142\127\006\225\045\146\362\176\277}{part.1}% 12
\BOOKMARK [1][]{section.1.1}{\376\377\0001\000.\0001\000\040\123\302\145\160\123\026\146\362\176\277\171\072\117\213}{chapter.1}% 13
\BOOKMARK [1][]{section.1.2}{\376\377\0001\000.\0002\000\040\174\173\117\074\166\204\117\213\133\120}{chapter.1}% 14
\BOOKMARK [1][]{section.1.3}{\376\377\0001\000.\0003\000\040\000R\0002\000\040\116\055\166\204\127\006\225\045\146\362\176\277}{chapter.1}% 15
\BOOKMARK [1][]{section.1.4}{\376\377\0001\000.\0004\000\040\134\004\137\161\136\163\227\142}{chapter.1}% 16
\BOOKMARK [1][]{section.1.5}{\376\377\0001\000.\0005\000\040\127\006\225\045\146\362\176\277\166\204\145\271\172\013}{chapter.1}% 17
\BOOKMARK [2][]{subsection.1.5.1}{\376\377\0001\000.\0005\000.\0001\000\040\040\034\145\340\172\167\217\334\166\364\176\277\040\035\116\016\156\020\217\321\145\271\124\021}{section.1.5}% 18
\BOOKMARK [1][]{section.1.6}{\376\377\0001\000.\0006\000\040\000P\0002\000\040\116\055\127\006\225\045\146\362\176\277\166\204\122\006\174\173}{chapter.1}% 19
\BOOKMARK [1][]{section.1.7}{\376\377\0001\000.\0007\000\040\127\006\225\045\146\362\176\277\166\204\123\302\145\160\123\026}{chapter.1}% 20
\BOOKMARK [1][]{section.1.8}{\376\377\0001\000.\0008\000\040\116\214\121\103\237\120\153\041\137\142\137\017}{chapter.1}% 21
\BOOKMARK [1][]{section.1.9}{\376\377\0001\000.\0009\000\040\000B\000\351\000z\000o\000u\000t\000\040\133\232\164\006\166\204\173\200\123\125\140\305\137\142}{chapter.1}% 22
\BOOKMARK [1][]{section.1.10}{\376\377\0001\000.\0001\0000\000\040\142\100\147\011\127\006\225\045\146\362\176\277\147\204\142\020\166\204\172\172\225\364}{chapter.1}% 23
\BOOKMARK [1][]{section.1.11}{\376\377\0001\000.\0001\0001\000\040\116\044\147\141\127\006\225\045\146\362\176\277\166\204\116\244\160\271}{chapter.1}% 24
\BOOKMARK [1][]{section.1.12}{\376\377\0001\000.\0001\0002\000\040\127\006\225\045\146\362\176\277\147\137\116\055\166\204\220\000\123\026\127\006\225\045\146\362\176\277}{chapter.1}% 25
\BOOKMARK [1][]{section.1.13}{\376\377\0001\000.\0001\0003\000\040\117\213\230\230\211\343\147\220}{chapter.1}% 26
\BOOKMARK [1][]{section.1.14}{\376\377\0001\000.\0001\0004\000\040\173\054\116\000\172\340\116\140\230\230}{chapter.1}% 27
\BOOKMARK [0][]{chapter.2}{\376\377\173\054\000\040\0002\000\040\172\340\000\040\116\011\153\041\146\362\176\277\116\016\177\244\217\320\173\227\137\213}{part.1}% 28
\BOOKMARK [1][]{section.2.1}{\376\377\0002\000.\0001\000\040\123\302\145\160\123\026\116\011\153\041\146\362\176\277\166\204\117\213\133\120}{chapter.2}% 29
\BOOKMARK [1][]{section.2.2}{\376\377\0002\000.\0002\000\040\146\362\176\277\000\040\000y\0002\000\040\000=\000\040\000x\000\050\000x\000-\0001\000\051\000\050\000x\000-\000\051\000\040\154\241\147\011\147\011\164\006\123\302\145\160\123\026}{chapter.2}% 30
\BOOKMARK [1][]{section.2.3}{\376\377\0002\000.\0003\000\040\176\277\140\047\174\373\176\337}{chapter.2}% 31
\BOOKMARK [1][]{section.2.4}{\376\377\0002\000.\0004\000\040\136\163\227\142\116\011\153\041\146\362\176\277\116\012\166\204\177\244\217\320\173\227}{chapter.2}% 32
\BOOKMARK [1][]{section.2.5}{\376\377\0002\000.\0005\000\040\116\000\202\054\140\305\121\265\116\013\166\204\176\323\124\010\137\213}{chapter.2}% 33
\BOOKMARK [1][]{section.2.6}{\376\377\0002\000.\0006\000\040\217\336\176\355\140\047\213\301\146\016}{chapter.2}% 34
\BOOKMARK [1][]{section.2.7}{\376\377\0002\000.\0007\000\040\136\025\145\257\123\141\133\232\164\006\000\040\000\050\171\136\171\330\121\155\217\271\137\142\000\051}{chapter.2}% 35
\BOOKMARK [1][]{section.2.8}{\376\377\0002\000.\0008\000\040\142\320\160\271\116\016\150\007\121\306\137\142}{chapter.2}% 36
\BOOKMARK [1][]{section.2.9}{\376\377\0002\000.\0009\000\040\173\200\123\026\166\204\177\244\217\320\173\227\137\213}{chapter.2}% 37
\BOOKMARK [1][]{section.2.10}{\376\377\0002\000.\0001\0000\000\040\173\054\116\214\172\340\116\140\230\230}{chapter.2}% 38
\BOOKMARK [1][]{section.2.11}{\376\377\0002\000.\0001\0001\000\040\227\136\131\107\137\002\116\011\153\041\146\362\176\277\166\204\142\323\142\121}{chapter.2}% 39
\BOOKMARK [1][]{section.2.12}{\376\377\0002\000.\0001\0002\000\040\121\163\116\216\146\362\227\142\116\217\150\074\166\204\213\250\213\272}{chapter.2}% 40
\BOOKMARK [1][]{section.2.13}{\376\377\0002\000.\0001\0003\000\040\136\366\117\070\226\005\213\373}{chapter.2}% 41
\BOOKMARK [-1][]{part.2}{\376\377\173\054\116\214\220\350\122\006\000\040\116\377\134\004\174\007\116\113\203\003\165\164}{}% 42
\BOOKMARK [0][]{chapter.3}{\376\377\173\054\000\040\0003\000\040\172\340\000\040\116\377\134\004\174\007\116\016\226\366\160\271\133\232\164\006}{part.2}% 43
\BOOKMARK [1][]{section.3.1}{\376\377\0003\000.\0001\000\040\213\372\162\171\163\257}{chapter.3}% 44
\BOOKMARK [1][]{section.3.2}{\376\377\0003\000.\0002\000\040\000V\000-\000I\000\040\133\371\136\224}{chapter.3}% 45
\BOOKMARK [1][]{section.3.3}{\376\377\0003\000.\0003\000\040\000Z\000a\000r\000i\000s\000k\000i\142\323\142\121}{chapter.3}% 46
\BOOKMARK [1][]{section.3.4}{\376\377\0003\000.\0004\000\040\000I\000-\000V\000\040\133\371\136\224}{chapter.3}% 47
\BOOKMARK [1][]{section.3.5}{\376\377\0003\000.\0005\000\040\116\015\123\357\176\246\116\343\145\160\226\306}{chapter.3}% 48
\BOOKMARK [1][]{section.3.6}{\376\377\0003\000.\0006\000\040\226\366\160\271\133\232\164\006\166\204\121\306\131\007\135\345\117\134}{chapter.3}% 49
\BOOKMARK [1][]{section.3.7}{\376\377\0003\000.\0007\000\040\150\071\164\006\140\363}{chapter.3}% 50
\BOOKMARK [1][]{section.3.8}{\376\377\0003\000.\0008\000\040\117\213\133\120}{chapter.3}% 51
\BOOKMARK [1][]{section.3.9}{\376\377\0003\000.\0009\000\040\147\011\226\120\116\343\145\160}{chapter.3}% 52
\BOOKMARK [1][]{section.3.10}{\376\377\0003\000.\0001\0000\000\040\213\372\162\171\153\143\211\304\123\026\137\025\164\006}{chapter.3}% 53
\BOOKMARK [1][]{section.3.11}{\376\377\0003\000.\0001\0001\000\040\000Z\000a\000r\000i\000s\000k\000i\137\025\164\006\166\204\213\301\146\016}{chapter.3}% 54
\BOOKMARK [1][]{section.3.12}{\376\377\0003\000.\0001\0002\000\040\123\357\122\006\140\047\226\104\137\125}{chapter.3}% 55
\BOOKMARK [1][]{section.3.13}{\376\377\0003\000.\0001\0003\000\040\137\122\176\246\122\060\215\205\146\362\227\142}{chapter.3}% 56
\BOOKMARK [1][]{section.3.14}{\376\377\0003\000.\0001\0004\000\040\173\054\116\011\172\340\116\140\230\230}{chapter.3}% 57
\BOOKMARK [0][]{chapter.4}{\376\377\173\054\000\040\0004\000\040\172\340\000\040\116\343\145\160\174\007\116\012\166\204\121\375\145\160}{part.2}% 58
\BOOKMARK [1][]{section.4.1}{\376\377\0004\000.\0001\000\040\131\032\230\171\137\017\121\375\145\160}{chapter.4}% 59
\BOOKMARK [1][]{section.4.2}{\376\377\0004\000.\0002\000\040\000k\000[\000V\000]\000\040\116\016\000\040\000V\000\040\166\204\116\343\145\160\133\120\226\306}{chapter.4}% 60
\BOOKMARK [1][]{section.4.3}{\376\377\0004\000.\0003\000\040\131\032\230\171\137\017\146\040\134\004}{chapter.4}% 61
\BOOKMARK [1][]{section.4.4}{\376\377\0004\000.\0004\000\040\131\032\230\171\137\017\146\040\134\004\116\016\000\040\000k\000[\000V\000]}{chapter.4}% 62
\BOOKMARK [1][]{section.4.5}{\376\377\0004\000.\0005\000\040\116\377\134\004\174\007}{chapter.4}% 63
\BOOKMARK [1][]{section.4.6}{\376\377\0004\000.\0006\000\040\121\375\145\160\127\337}{chapter.4}% 64
\BOOKMARK [1][]{section.4.7}{\376\377\0004\000.\0007\000\040\147\011\164\006\146\040\134\004}{chapter.4}% 65
\BOOKMARK [1][]{section.4.8}{\376\377\0004\000.\0008\000\040\147\011\164\006\146\040\134\004\166\204\131\015\124\010}{chapter.4}% 66
\BOOKMARK [1][]{section.4.9}{\376\377\0004\000.\0009\000\040\116\316\116\377\134\004\174\007\166\204\137\000\133\120\226\306\121\372\123\321\166\204\140\001\134\004}{chapter.4}% 67
\BOOKMARK [1][]{section.4.10}{\376\377\0004\000.\0001\0000\000\040\150\007\121\306\137\000\133\120\226\306}{chapter.4}% 68
\BOOKMARK [1][]{section.4.11}{\376\377\0004\000.\0001\0001\000\040\117\213\133\120\377\032\116\011\153\041\146\362\176\277\116\012\166\204\177\244\137\213}{chapter.4}% 69
\BOOKMARK [1][]{section.4.12}{\376\377\0004\000.\0001\0002\000\040\173\054\126\333\172\340\116\140\230\230}{chapter.4}% 70
\BOOKMARK [-1][]{part.3}{\376\377\173\054\116\011\220\350\122\006\000\040\136\224\165\050}{}% 71
\BOOKMARK [0][]{chapter.5}{\376\377\173\054\000\040\0005\000\040\172\340\000\040\134\004\137\161\121\340\117\125\116\016\123\314\147\011\164\006\121\340\117\125}{part.3}% 72
\BOOKMARK [1][]{section.5.1}{\376\377\0005\000.\0001\000\040\116\072\116\300\116\110\227\000\211\201\134\004\137\161\174\007\377\037}{chapter.5}% 73
\BOOKMARK [1][]{section.5.2}{\376\377\0005\000.\0002\000\040\122\006\153\041\163\257\116\016\237\120\153\041\164\006\140\363}{chapter.5}% 74
\BOOKMARK [1][]{section.5.3}{\376\377\0005\000.\0003\000\040\237\120\153\041\166\204\000\040\000V\000-\000I\000\040\133\371\136\224}{chapter.5}% 75
\BOOKMARK [1][]{section.5.4}{\376\377\0005\000.\0004\000\040\134\004\137\161\226\366\160\271\133\232\164\006}{chapter.5}% 76
\BOOKMARK [1][]{section.5.5}{\376\377\0005\000.\0005\000\040\000V\000\040\116\012\166\204\147\011\164\006\121\375\145\160}{chapter.5}% 77
\BOOKMARK [1][]{section.5.6}{\376\377\0005\000.\0006\000\040\134\004\137\161\174\007\166\204\116\377\134\004\211\206\166\326}{chapter.5}% 78
\BOOKMARK [1][]{section.5.7}{\376\377\0005\000.\0007\000\040\147\011\164\006\146\040\134\004\116\016\140\001\134\004}{chapter.5}% 79
\BOOKMARK [1][]{section.5.8}{\376\377\0005\000.\0008\000\040\117\213\133\120}{chapter.5}% 80
\BOOKMARK [1][]{section.5.9}{\376\377\0005\000.\0009\000\040\123\314\147\011\164\006\173\111\116\367}{chapter.5}% 81
\BOOKMARK [1][]{section.5.10}{\376\377\0005\000.\0001\0000\000\040\176\244\176\364\171\357\116\016\120\317}{chapter.5}% 82
\BOOKMARK [1][]{section.5.11}{\376\377\0005\000.\0001\0001\000\040\173\054\116\224\172\340\116\140\230\230}{chapter.5}% 83
\BOOKMARK [0][]{chapter.6}{\376\377\173\054\000\040\0006\000\040\172\340\000\040\122\007\172\172\225\364\060\001\227\136\131\107\137\002\140\047\116\016\176\364\145\160}{part.3}% 84
\BOOKMARK [1][]{section.6.1}{\376\377\0006\000.\0001\000\040\215\205\146\362\227\142\166\204\227\136\131\107\137\002\160\271}{chapter.6}% 85
\BOOKMARK [1][]{section.6.2}{\376\377\0006\000.\0002\000\040\154\350\213\260}{chapter.6}% 86
\BOOKMARK [1][]{section.6.3}{\376\377\0006\000.\0003\000\040\116\000\202\054\174\007\166\204\122\007\172\172\225\364}{chapter.6}% 87
\BOOKMARK [1][]{section.6.4}{\376\377\0006\000.\0004\000\040\000V\000\040\000=\000\040\000t\000r\000.\000d\000e\000g\000k\000\040\000k\000\050\000V\000\051\000\040\040\024\000\040\215\205\146\362\227\142\140\305\137\142}{chapter.6}% 88
\BOOKMARK [1][]{section.6.5}{\376\377\0006\000.\0005\000\040\000T\000P\000\040\000V\000\040\166\204\121\205\127\050\140\047\215\050}{chapter.6}% 89
\BOOKMARK [1][]{section.6.6}{\376\377\0006\000.\0006\000\040\227\136\131\107\137\002\140\047\116\016\134\004\137\161\174\007}{chapter.6}% 90
\BOOKMARK [1][]{section.6.7}{\376\377\0006\000.\0007\000\040\133\236\117\213\377\032\162\006\170\064}{chapter.6}% 91
\BOOKMARK [1][]{section.6.8}{\376\377\0006\000.\0008\000\040\173\054\121\155\172\340\116\140\230\230}{chapter.6}% 92
\BOOKMARK [0][]{chapter.7}{\376\377\173\054\000\040\0007\000\040\172\340\000\040\116\011\153\041\146\362\227\142\116\012\166\204\0002\0007\147\141\166\364\176\277}{part.3}% 93
\BOOKMARK [1][]{section.7.1}{\376\377\0007\000.\0001\000\040\227\136\131\107\137\002\140\047\166\204\143\250\213\272}{chapter.7}% 94
\BOOKMARK [1][]{section.7.2}{\376\377\0007\000.\0002\000\040\133\373\142\176\142\100\147\011\000S\116\012\166\204\166\364\176\277}{chapter.7}% 95
\BOOKMARK [1][]{section.7.3}{\376\377\0007\000.\0003\000\040\0002\0007\147\141\166\364\176\277}{chapter.7}% 96
\BOOKMARK [1][]{section.7.4}{\376\377\0007\000.\0004\000\040\166\364\176\277\166\204\147\204\127\213}{chapter.7}% 97
\BOOKMARK [1][]{section.7.5}{\376\377\0007\000.\0005\000\040\173\054\0007\172\340\116\140\230\230}{chapter.7}% 98
\BOOKMARK [0][]{chapter.8}{\376\377\173\054\000\040\0008\000\040\172\340\000\040\176\323\213\355}{part.3}% 99
\BOOKMARK [1][]{section.8.1}{\376\377\0008\000.\0001\000\040\163\260\116\343\133\146\171\321\166\204\123\206\123\362\116\016\171\076\117\032\133\146}{chapter.8}% 100
\BOOKMARK [1][]{section.8.2}{\376\377\0008\000.\0002\000\040\0008\000.\0001\000\040\137\025\212\000}{chapter.8}% 101
\BOOKMARK [1][]{section.8.3}{\376\377\0008\000.\0003\000\040\0008\000.\0002\000\040\123\362\122\115\226\066\153\265}{chapter.8}% 102
\BOOKMARK [1][]{section.8.4}{\376\377\0008\000.\0004\000\040\0008\000.\0003\000\040\116\045\214\050\140\047\377\014\173\054\116\000\154\342\155\152\157\156}{chapter.8}% 103
\BOOKMARK [1][]{section.8.5}{\376\377\0008\000.\0005\000\040\0008\000.\0004\000\040\150\074\177\127\156\325\217\352\121\113\145\366\116\343}{chapter.8}% 104
\BOOKMARK [1][]{section.8.6}{\376\377\0008\000.\0006\000\040\0008\000.\0005\000\040\131\047\162\006\160\270}{chapter.8}% 105
\BOOKMARK [1][]{section.8.7}{\376\377\0008\000.\0007\000\040\226\104\122\240\201\032\154\350\116\016\232\330\155\361\213\304\213\272}{chapter.8}% 106
\BOOKMARK [1][]{section.8.8}{\376\377\0008\000.\0008\000\040\0008\000.\0006\000\040\220\011\230\230}{chapter.8}% 107
\BOOKMARK [1][]{section.8.9}{\376\377\0008\000.\0009\000\040\0008\000.\0007\000\040\213\241\173\227\116\016\164\006\213\272}{chapter.8}% 108
\BOOKMARK [1][]{section.8.10}{\376\377\0008\000.\0001\0000\000\040\0008\000.\0008\000\040\133\236\145\160\127\337\116\016\000\040\000C}{chapter.8}% 109
\BOOKMARK [1][]{section.8.11}{\376\377\0008\000.\0001\0001\000\040\0008\000.\0009\000\040\153\143\122\031\121\375\145\160\116\016\134\102}{chapter.8}% 110
\BOOKMARK [1][]{section.8.12}{\376\377\0008\000.\0001\0002\000\040\0008\000.\0001\0000\000\040\121\150\134\100\133\232\116\111\166\204\153\143\122\031\121\375\145\160}{chapter.8}% 111
\BOOKMARK [1][]{section.8.13}{\376\377\0008\000.\0001\0003\000\040\0008\000.\0001\0001\000\040\134\004\137\161\116\343\145\160\121\340\117\125\166\204\140\312\116\272\121\105\122\006\140\047}{chapter.8}% 112
\BOOKMARK [1][]{section.8.14}{\376\377\0008\000.\0001\0004\000\040\000\050\000a\000\051\000\040\147\201\123\026\116\016\153\143\140\047}{chapter.8}% 113
\BOOKMARK [1][]{section.8.15}{\376\377\0008\000.\0001\0005\000\040\000\050\000b\000\051\000\040\121\105\122\006\140\047}{chapter.8}% 114
\BOOKMARK [1][]{section.8.16}{\376\377\0008\000.\0001\0006\000\040\000\050\000c\000\051\000\040\142\275\214\141\174\007\166\204\116\015\215\263}{chapter.8}% 115
\BOOKMARK [1][]{section.8.17}{\376\377\0008\000.\0001\0007\000\040\0008\000.\0001\0002\000\040\116\377\134\004\174\007\116\016\151\202\137\142}{chapter.8}% 116
\BOOKMARK [1][]{section.8.18}{\376\377\0008\000.\0001\0008\000\040\0008\000.\0001\0003\000\040\141\017\116\111\117\125\127\050\377\037}{chapter.8}% 117
\BOOKMARK [1][]{section.8.19}{\376\377\0008\000.\0001\0009\000\040\000\050\000a\000\051\000\040\174\007\166\204\171\072\140\047\134\102\164\006\213\272\160\271}{chapter.8}% 118
\BOOKMARK [1][]{section.8.20}{\376\377\0008\000.\0002\0000\000\040\000\050\000b\000\051\000\040\171\072\140\047\164\006\213\272\116\055\166\204\127\337\120\074\160\271}{chapter.8}% 119
\BOOKMARK [1][]{section.8.21}{\376\377\0008\000.\0002\0001\000\040\000\050\000c\000\051\233\117\134\024\127\372\170\100\116\055\166\204\116\000\202\054\160\271}{chapter.8}% 120
\BOOKMARK [1][]{section.8.22}{\376\377\0008\000.\0002\0002\000\040\000\050\000d\000\051\145\271\150\110\213\272\116\055\117\134\116\072\140\001\134\004\166\204\160\271}{chapter.8}% 121
\BOOKMARK [1][]{section.8.23}{\376\377\0008\000.\0002\0003\000\040\0008\000.\0001\0004\000\040\171\072\140\047\126\376\153\324\174\007\146\364\116\000\202\054\166\204\123\237\126\340}{chapter.8}% 122
\BOOKMARK [1][]{section.8.24}{\376\377\0008\000.\0002\0004\000\040\000\050\000i\000\051\000\040\116\015\134\100\226\120\116\216\147\011\226\120\165\037\142\020\116\343\145\160}{chapter.8}% 123
\BOOKMARK [1][]{section.8.25}{\376\377\0008\000.\0002\0005\000\040\000\050\000i\000i\000\051\000\040\142\337\226\366\121\103}{chapter.8}% 124
\BOOKMARK [1][]{section.8.26}{\376\377\0008\000.\0002\0006\000\040\000\050\000i\000i\000i\000\051\000\040\145\340\127\372\127\337}{chapter.8}% 125
\BOOKMARK [1][]{section.8.27}{\376\377\0008\000.\0002\0007\000\040\0008\000.\0001\0005\000\040\116\011\153\041\146\362\227\142\116\012\166\364\176\277\133\130\127\050\140\047\166\204\213\301\146\016}{chapter.8}% 126
\BOOKMARK [1][]{section.8.28}{\376\377\0008\000.\0002\0008\000\040\116\343\136\217\212\000}{chapter.8}% 127
\BOOKMARK [1][]{section.8.29}{\376\377\0008\000.\0002\0009\000\040\0008\000.\0001\0006\000\040\201\364\214\042\116\016\124\015\116\272\143\320\123\312}{chapter.8}% 128
\BOOKMARK [1][]{section.8.30}{\376\377\0008\000.\0003\0000\000\040\145\347\175\042\137\025}{chapter.8}% 129
