\BOOKMARK [1][-]{section.1}{\376\377\137\025\212\000}{}% 1
\BOOKMARK [2][-]{subsection.1.1}{\376\377\122\250\147\072\116\016\200\314\146\157}{section.1}% 2
\BOOKMARK [2][-]{subsection.1.2}{\376\377\215\041\163\056}{section.1}% 3
\BOOKMARK [2][-]{subsection.1.3}{\376\377\131\047\176\262}{section.1}% 4
\BOOKMARK [2][-]{subsection.1.4}{\376\377\173\046\123\367}{section.1}% 5
\BOOKMARK [1][-]{section.2}{\376\377\000M\000I\000P\000\040\121\154\137\017}{}% 6
\BOOKMARK [2][-]{subsection.2.1}{\376\377\136\177\116\111\147\220\123\326\211\304\122\022}{section.2}% 7
\BOOKMARK [2][-]{subsection.2.2}{\376\377\000M\000I\000P\040\024\040\024\121\340\117\125\211\306\211\322}{section.2}% 8
\BOOKMARK [2][-]{subsection.2.3}{\376\377\123\072\127\337\143\317\217\360\166\204\000\040\000G\000D\000P\000\040\121\154\137\017}{section.2}% 9
\BOOKMARK [1][-]{section.3}{\376\377\217\320\122\250\211\304\122\022\116\055\166\204\000\040\000M\000I\000P}{}% 10
\BOOKMARK [2][-]{subsection.3.1}{\376\377\116\373\122\241\122\006\221\115}{section.3}% 11
\BOOKMARK [2][-]{subsection.3.2}{\376\377\215\357\137\204\211\304\122\022}{section.3}% 12
\BOOKMARK [2][-]{subsection.3.3}{\376\377\217\150\217\371\211\304\122\022}{section.3}% 13
\BOOKMARK [2][-]{subsection.3.4}{\376\377\226\234\170\215\162\151\116\016\170\260\144\236\220\177\121\115}{section.3}% 14
\BOOKMARK [1][-]{section.4}{\376\377\131\032\146\172\200\375\117\123\174\373\176\337\116\055\166\204\000M\000I\000P\000:\000\040\217\336\220\032\140\047\176\364\142\244\116\016\226\037\137\142\143\247\122\066}{}% 15
\BOOKMARK [2][-]{subsection.4.1}{\376\377\142\320\211\322\122\007\122\162\211\304\220\177\147\141\116\366}{section.4}% 16
\BOOKMARK [2][-]{subsection.4.2}{\376\377\217\336\220\032\140\047\176\364\142\244\147\141\116\366}{section.4}% 17
\BOOKMARK [2][-]{subsection.4.3}{\376\377\165\061\131\026\220\350\176\246\147\137\137\025\215\167\166\204\217\336\220\032\140\047}{section.4}% 18
\BOOKMARK [1][-]{section.5}{\376\377\143\247\122\066\147\266\147\204}{}% 19
\BOOKMARK [2][-]{subsection.5.1}{\376\377\226\306\116\055\137\017}{section.5}% 20
\BOOKMARK [2][-]{subsection.5.2}{\376\377\122\006\136\003\137\017}{section.5}% 21
\BOOKMARK [2][-]{subsection.5.3}{\376\377\122\006\145\143\137\017}{section.5}% 22
\BOOKMARK [1][-]{section.6}{\376\377\117\177\165\050\000M\000I\000P\166\204\143\247\122\066\136\224\165\050}{}% 23
\BOOKMARK [2][-]{subsection.6.1}{\376\377\000M\000I\000P\217\157\116\366}{section.6}% 24
\BOOKMARK [2][-]{subsection.6.2}{\376\377\170\154\116\366\136\163\123\360}{section.6}% 25
\BOOKMARK [1][-]{section.7}{\376\377\000M\000I\000P\166\204\146\377\116\343\145\271\150\110}{}% 26
\BOOKMARK [2][-]{subsection.7.1}{\376\377\146\377\116\343\121\154\137\017}{section.7}% 27
\BOOKMARK [3][-]{subsubsection.7.1.1}{\376\377\127\372\116\216\126\376\166\204\145\271\154\325}{subsection.7.1}% 28
\BOOKMARK [3][-]{subsubsection.7.1.2}{\376\377\122\277\127\072\121\154\137\017}{subsection.7.1}% 29
\BOOKMARK [2][-]{subsection.7.2}{\376\377\117\030\123\026\225\356\230\230\166\204\147\176\137\033}{section.7}% 30
\BOOKMARK [1][-]{section.8}{\376\377\176\323\213\272\116\016\147\052\147\145\143\021\142\030}{}% 31
