\BOOKMARK [0][]{chapter.1}{\376\377\173\054\116\000\172\340\000\040\230\204\131\007\167\345\213\306}{}% 1
\BOOKMARK [1][]{section.1.1}{\376\377\0001\000.\0001\000\040\151\202\163\207\155\113\136\246\172\172\225\364}{chapter.1}% 2
\BOOKMARK [1][]{section.1.2}{\376\377\0001\000.\0002\000\040\123\125\214\003\174\173}{chapter.1}% 3
\BOOKMARK [1][]{section.1.3}{\376\377\0001\000.\0003\000\040\171\357\151\202\163\207\172\172\225\364}{chapter.1}% 4
\BOOKMARK [1][]{section.1.4}{\376\377\0001\000.\0004\000\040\171\357\122\006\116\016\155\113\136\246\166\370\121\163\151\202\137\365}{chapter.1}% 5
\BOOKMARK [0][]{chapter.2}{\376\377\173\054\116\214\172\340\000\040\220\115\123\206\164\006\213\272}{}% 6
\BOOKMARK [1][]{section.2.1}{\376\377\0002\000.\0001\000\040\116\000\116\052\225\356\230\230}{chapter.2}% 7
\BOOKMARK [1][]{section.2.2}{\376\377\0002\000.\0002\000\040\117\335\155\113\146\040\134\004}{chapter.2}% 8
\BOOKMARK [1][]{section.2.3}{\376\377\0002\000.\0003\000\040\220\115\123\206\146\040\134\004}{chapter.2}% 9
\BOOKMARK [1][]{section.2.4}{\376\377\0002\000.\0004\000\040\000B\000i\000r\000k\000h\000o\000f\000f\220\115\123\206\133\232\164\006}{chapter.2}% 10
\BOOKMARK [1][]{section.2.5}{\376\377\0002\000.\0005\000\040\217\336\122\006\145\160\116\016\000G\000a\000u\000s\000s\146\040\134\004}{chapter.2}% 11
\BOOKMARK [1][]{section.2.6}{\376\377\0002\000.\0006\000\040\137\072\131\047\145\160\133\232\137\213}{chapter.2}% 12
\BOOKMARK [1][]{section.2.7}{\376\377\0002\000.\0007\000\040\163\257\227\142\116\012\166\204\220\115\123\206\146\040\134\004}{chapter.2}% 13
\BOOKMARK [1][]{section.2.8}{\376\377\0002\000.\0008\000\040\131\032\230\171\137\017\121\375\145\160\166\204\127\107\123\000\122\006\136\003}{chapter.2}% 14
\BOOKMARK [1][]{section.2.9}{\376\377\0002\000.\0009\000\040\126\336\131\015\133\232\164\006}{chapter.2}% 15
\BOOKMARK [1][]{section.2.10}{\376\377\0002\000.\0001\0000\000\040\000V\000a\000n\000\040\000d\000e\000\040\000W\000a\000e\000r\000d\000e\000n\133\232\164\006}{chapter.2}% 16
\BOOKMARK [0][]{chapter.3}{\376\377\173\054\116\011\172\340\000\040\155\113\136\246\161\265}{}% 17
\BOOKMARK [1][]{section.3.1}{\376\377\0003\000.\0001\000\040\155\113\136\246\161\265\166\204\151\202\137\365}{chapter.3}% 18
\BOOKMARK [1][]{section.3.2}{\376\377\0003\000.\0002\000\040\147\141\116\366\161\265\116\016\155\113\136\246\161\265}{chapter.3}% 19
\BOOKMARK [1][]{section.3.3}{\376\377\0003\000.\0003\000\040\155\113\136\246\161\265\146\057\124\014\147\204\116\015\123\330\221\317}{chapter.3}% 20
\BOOKMARK [1][]{section.3.4}{\376\377\0003\000.\0004\000\040\155\113\136\246\161\265\166\204\213\241\173\227}{chapter.3}% 21
\BOOKMARK [0][]{chapter.4}{\376\377\173\054\126\333\172\340\000\040\142\323\142\121\161\265}{}% 22
\BOOKMARK [1][]{section.4.1}{\376\377\0004\000.\0001\000\040\142\323\142\121\161\265\166\204\133\232\116\111}{chapter.4}% 23
\BOOKMARK [1][]{section.4.2}{\376\377\0004\000.\0002\000\040\142\323\142\121\161\265\166\204\140\047\215\050}{chapter.4}% 24
\BOOKMARK [1][]{section.4.3}{\376\377\0004\000.\0003\000\040\142\323\142\121\161\265\166\204\213\241\173\227}{chapter.4}% 25
