\BOOKMARK [0][]{sjtubookmark.1.0}{\376\377\166\356\137\125}{}% 1
\BOOKMARK [0][]{chapter.1}{\376\377\173\054\000\040\0001\000\040\172\340\000\040\137\025\212\000}{}% 2
\BOOKMARK [0][]{chapter.2}{\376\377\173\054\000\040\0002\000\040\172\340\000\040\000C\000*\000-\116\343\145\160\166\204\133\232\116\111\116\016\127\372\147\054\140\047\215\050}{}% 3
\BOOKMARK [1][-]{section.2.1}{\376\377\0002\000.\0001\000\040\116\316\167\351\226\065\116\343\145\160\122\060\000\040\000*\000-\116\343\145\160}{chapter.2}% 4
\BOOKMARK [1][-]{section.2.2}{\376\377\0002\000.\0002\000\040\000C\000*\000-\116\343\145\160\166\204\133\232\116\111}{chapter.2}% 5
\BOOKMARK [1][-]{section.2.3}{\376\377\0002\000.\0003\000\040\147\011\226\120\176\364\000\040\000C\000*\000-\116\343\145\160\116\055\203\003\145\160\166\204\125\057\116\000\140\047}{chapter.2}% 6
\BOOKMARK [0][]{chapter.3}{\376\377\173\054\000\040\0003\000\040\172\340\000\040\147\011\226\120\176\364\000\040\000C\000*\000-\116\343\145\160\166\204\122\006\174\173}{}% 7
\BOOKMARK [1][-]{section.3.1}{\376\377\0003\000.\0001\000\040\147\011\226\120\176\364\000\040\000C\000*\000-\116\343\145\160\166\204\123\112\123\125\140\047}{chapter.3}% 8
\BOOKMARK [1][-]{section.3.2}{\376\377\0003\000.\0002\000\040\147\011\226\120\176\364\123\357\226\144\000\040\000C\000*\000-\116\343\145\160}{chapter.3}% 9
\BOOKMARK [1][-]{section.3.3}{\376\377\0003\000.\0003\000\040\122\006\174\173\133\232\164\006}{chapter.3}% 10
\BOOKMARK [1][-]{section.3.4}{\376\377\0003\000.\0004\000\040\117\213\133\120\377\032\177\244\000\040\000C\000*\000-\116\343\145\160}{chapter.3}% 11
\BOOKMARK [0][]{chapter.4}{\376\377\173\054\000\040\0004\000\040\172\340\000\040\116\244\143\142\140\305\137\142\377\032\000G\000e\000l\000f\000a\000n\000d\000\040\210\150\171\072\116\016\214\061\164\006\213\272}{}% 12
\BOOKMARK [1][-]{section.4.1}{\376\377\0004\000.\0001\000\040\122\250\147\072\116\016\174\173\153\324}{chapter.4}% 13
\BOOKMARK [1][-]{section.4.2}{\376\377\0004\000.\0002\000\040\000G\000e\000l\000f\000a\000n\000d\000\040\214\061}{chapter.4}% 14
\BOOKMARK [1][-]{section.4.3}{\376\377\0004\000.\0003\000\040\000G\000e\000l\000f\000a\000n\000d\000\040\123\330\143\142}{chapter.4}% 15
\BOOKMARK [0][]{chapter.5}{\376\377\173\054\000\040\0005\000\040\172\340\000\040\140\073\176\323\116\016\134\125\147\033}{}% 16
\BOOKMARK [1][-]{section.5.1}{\376\377\0005\000.\0001\000\040\116\044\147\141\215\357\137\204\166\204\133\371\161\147}{chapter.5}% 17
\BOOKMARK [1][-]{section.5.2}{\376\377\0005\000.\0002\000\040\116\000\202\054\140\305\137\142\377\032\000G\000e\000l\000f\000a\000n\000d\040\023\000N\000a\000i\000m\000a\000r\000k\000\040\227\136\116\244\143\142\133\232\164\006}{chapter.5}% 18
\BOOKMARK [0][]{appendix.A}{\376\377\226\104\137\125\000\040\000A\000\040\226\104\137\125}{}% 19
\BOOKMARK [1][-]{section.A.1}{\376\377\000A\000.\0001\000\040\167\351\226\065\116\343\145\160\116\012\000\040\000C\000*\133\371\124\010\166\204\125\057\116\000\140\047}{appendix.A}% 20
