\BOOKMARK [0][]{chapter.1}{\376\377\0001\000\040\137\025\212\000}{}% 1
\BOOKMARK [1][]{section.1.1}{\376\377\0001\000.\0001\000\040\176\277\140\047\145\271\172\013}{chapter.1}% 2
\BOOKMARK [1][]{section.1.2}{\376\377\0001\000.\0002\000\040\157\024\123\026\145\271\172\013}{chapter.1}% 3
\BOOKMARK [1][]{section.1.3}{\376\377\0001\000.\0003\000\040\121\375\145\160\172\172\225\364}{chapter.1}% 4
\BOOKMARK [1][]{section.1.4}{\376\377\0001\000.\0004\000\040\175\047\140\047}{chapter.1}% 5
\BOOKMARK [0][]{chapter.2}{\376\377\0002\000\040\000B\000a\000n\000a\000c\000h\172\172\225\364}{}% 6
\BOOKMARK [1][]{section.2.1}{\376\377\0002\000.\0001\000\040\127\372\147\054\133\232\116\111}{chapter.2}% 7
\BOOKMARK [2][]{subsection.2.1.1}{\376\377\0002\000.\0001\000.\0001\000\040\215\113\203\003\172\172\225\364\116\016\000B\000a\000n\000a\000c\000h\172\172\225\364\166\204\117\213\133\120\000.}{section.2.1}% 8
\BOOKMARK [1][]{section.2.2}{\376\377\0002\000.\0002\000\040\176\277\140\047\173\227\133\120}{chapter.2}% 9
\BOOKMARK [2][]{subsection.2.2.1}{\376\377\0002\000.\0002\000.\0001\000\040\176\277\140\047\173\227\133\120\171\072\117\213}{section.2.2}% 10
\BOOKMARK [1][]{section.2.3}{\376\377\0002\000.\0003\000\040\147\011\226\120\176\364\172\172\225\364}{chapter.2}% 11
\BOOKMARK [1][]{section.2.4}{\376\377\0002\000.\0004\000\040\123\112\203\003\145\160\116\016\000F\000r\000\351\000c\000h\000e\000t\172\172\225\364}{chapter.2}% 12
\BOOKMARK [1][]{section.2.5}{\376\377\0002\000.\0005\000\040\142\151\137\040\133\232\164\006}{chapter.2}% 13
\BOOKMARK [1][]{section.2.6}{\376\377\0002\000.\0006\000\040\121\370\226\306\166\204\122\006\171\273}{chapter.2}% 14
\BOOKMARK [1][]{section.2.7}{\376\377\0002\000.\0007\000\040\133\371\120\166\172\172\225\364\116\016\137\061\145\066\145\133}{chapter.2}% 15
\BOOKMARK [2][]{subsection.2.7.1}{\376\377\0002\000.\0007\000.\0001\000\040\137\061\145\066\145\133}{section.2.7}% 16
\BOOKMARK [2][]{subsection.2.7.2}{\376\377\0002\000.\0007\000.\0002\000\040\137\061\000*\145\066\145\133}{section.2.7}% 17
\BOOKMARK [1][]{section.2.8}{\376\377\0002\000.\0008\000\040\116\140\230\230}{chapter.2}% 18
\BOOKMARK [0][]{chapter.3}{\376\377\0003\000\040\217\336\176\355\121\375\145\160\172\172\225\364}{}% 19
\BOOKMARK [1][]{section.3.1}{\376\377\0003\000.\0001\000\040\147\011\165\114\217\336\176\355\121\375\145\160}{chapter.3}% 20
\BOOKMARK [1][]{section.3.2}{\376\377\0003\000.\0002\000\040\000S\000t\000o\000n\000e\000-\000W\000e\000i\000e\000r\000s\000t\000r\000a\000s\000s\220\074\217\321\133\232\164\006}{chapter.3}% 21
\BOOKMARK [2][]{subsection.3.2.1}{\376\377\0003\000.\0002\000.\0001\000\040\131\015\120\074\121\375\145\160}{section.3.2}% 22
\BOOKMARK [1][]{section.3.3}{\376\377\0003\000.\0003\000\040\000A\000s\000c\000o\000l\000i\175\047\140\047\133\232\164\006}{chapter.3}% 23
\BOOKMARK [1][]{section.3.4}{\376\377\0003\000.\0004\000\040\000H\000\366\000l\000d\000e\000r\000\040\217\336\176\355\121\375\145\160}{chapter.3}% 24
\BOOKMARK [1][]{section.3.5}{\376\377\0003\000.\0005\000\040\116\140\230\230}{chapter.3}% 25
\BOOKMARK [0][]{chapter.4}{\376\377\0004\000\040\147\011\165\114\176\277\140\047\173\227\133\120}{}% 26
\BOOKMARK [1][]{section.4.1}{\376\377\0004\000.\0001\000\040\116\000\201\364\147\011\165\114\140\047\123\237\164\006}{chapter.4}% 27
\BOOKMARK [1][]{section.4.2}{\376\377\0004\000.\0002\000\040\137\000\146\040\134\004\133\232\164\006}{chapter.4}% 28
\BOOKMARK [1][]{section.4.3}{\376\377\0004\000.\0003\000\040\225\355\126\376\120\317\133\232\164\006}{chapter.4}% 29
\BOOKMARK [1][]{section.4.4}{\376\377\0004\000.\0004\000\040\117\064\226\217\173\227\133\120}{chapter.4}% 30
\BOOKMARK [1][]{section.4.5}{\376\377\0004\000.\0005\000\040\175\047\173\227\133\120}{chapter.4}% 31
\BOOKMARK [2][]{subsection.4.5.1}{\376\377\0004\000.\0005\000.\0001\000\040\171\357\122\006\173\227\133\120}{section.4.5}% 32
\BOOKMARK [1][]{section.4.6}{\376\377\0004\000.\0006\000\040\116\140\230\230}{chapter.4}% 33
\BOOKMARK [0][]{chapter.5}{\376\377\0005\000\040\000H\000i\000l\000b\000e\000r\000t\172\172\225\364}{}% 34
\BOOKMARK [1][]{section.5.1}{\376\377\0005\000.\0001\000\040\121\167\147\011\121\205\171\357\166\204\172\172\225\364}{chapter.5}% 35
\BOOKMARK [1][]{section.5.2}{\376\377\0005\000.\0002\000\040\153\143\116\244\142\225\137\161}{chapter.5}% 36
\BOOKMARK [1][]{section.5.3}{\376\377\0005\000.\0003\000\040\000H\000i\000l\000b\000e\000r\000t\172\172\225\364\116\012\166\204\176\277\140\047\154\333\121\375}{chapter.5}% 37
\BOOKMARK [1][]{section.5.4}{\376\377\0005\000.\0004\000\040\000G\000r\000a\000m\000-\000S\000c\000h\000m\000i\000d\000t\153\143\116\244\123\026}{chapter.5}% 38
\BOOKMARK [2][]{subsection.5.4.1}{\376\377\0005\000.\0004\000.\0001\000\040\000G\000r\000a\000m\000-\000S\000c\000h\000m\000i\000d\000t\153\143\116\244\123\026\173\227\154\325}{section.5.4}% 39
\BOOKMARK [1][]{section.5.5}{\376\377\0005\000.\0005\000\040\150\007\121\306\153\143\116\244\226\306}{chapter.5}% 40
\BOOKMARK [2][]{subsection.5.5.1}{\376\377\0005\000.\0005\000.\0001\000\040\120\205\221\314\123\366\176\247\145\160}{section.5.5}% 41
\BOOKMARK [1][]{section.5.6}{\376\377\0005\000.\0006\000\040\153\143\133\232\173\227\133\120}{chapter.5}% 42
\BOOKMARK [1][]{section.5.7}{\376\377\0005\000.\0007\000\040\137\061\145\066\145\133}{chapter.5}% 43
\BOOKMARK [1][]{section.5.8}{\376\377\0005\000.\0008\000\040\116\140\230\230}{chapter.5}% 44
\BOOKMARK [0][]{chapter.6}{\376\377\0006\000\040\000H\000i\000l\000b\000e\000r\000t\172\172\225\364\116\012\166\204\175\047\173\227\133\120}{}% 45
\BOOKMARK [1][]{section.6.1}{\376\377\0006\000.\0001\000\040\000F\000r\000e\000d\000h\000o\000l\000m\164\006\213\272}{chapter.6}% 46
\BOOKMARK [1][]{section.6.2}{\376\377\0006\000.\0002\000\040\175\047\173\227\133\120\166\204\214\061}{chapter.6}% 47
\BOOKMARK [1][]{section.6.3}{\376\377\0006\000.\0003\000\040\201\352\117\064\173\227\133\120}{chapter.6}% 48
\BOOKMARK [1][]{section.6.4}{\376\377\0006\000.\0004\000\040\116\140\230\230}{chapter.6}% 49
\BOOKMARK [0][]{chapter.7}{\376\377\0007\000\040\176\277\140\047\173\227\133\120\123\112\177\244}{}% 50
\BOOKMARK [1][]{section.7.1}{\376\377\0007\000.\0001\000\040\000B\000a\000n\000a\000c\000h\172\172\225\364\116\055\166\204\136\070\137\256\122\006\145\271\172\013}{chapter.7}% 51
\BOOKMARK [2][]{subsection.7.1.1}{\376\377\0007\000.\0001\000.\0001\000\040\176\277\140\047\237\120\153\041\136\070\137\256\122\006\145\271\172\013}{section.7.1}% 52
\BOOKMARK [1][]{section.7.2}{\376\377\0007\000.\0002\000\040\176\277\140\047\173\227\133\120\123\112\177\244}{chapter.7}% 53
\BOOKMARK [2][]{subsection.7.2.1}{\376\377\0007\000.\0002\000.\0001\000\040\123\112\177\244\166\204\133\232\116\111\116\016\127\372\147\054\140\047\215\050}{section.7.2}% 54
\BOOKMARK [1][]{section.7.3}{\376\377\0007\000.\0003\000\040\230\204\211\343\137\017}{chapter.7}% 55
\BOOKMARK [2][]{subsection.7.3.1}{\376\377\0007\000.\0003\000.\0001\000\040\117\134\116\072\124\016\124\021\000E\000u\000l\000e\000r\220\074\217\321\166\204\147\201\226\120}{section.7.3}% 56
\BOOKMARK [2][]{subsection.7.3.2}{\376\377\0007\000.\0003\000.\0002\000\040\117\134\116\072\217\321\117\074\157\024\123\026\145\271\172\013\211\343\166\204\147\201\226\120}{section.7.3}% 57
\BOOKMARK [1][]{section.7.4}{\376\377\0007\000.\0004\000\040\123\112\177\244\166\204\165\037\142\020}{chapter.7}% 58
\BOOKMARK [1][]{section.7.5}{\376\377\0007\000.\0005\000\040\116\140\230\230}{chapter.7}% 59
\BOOKMARK [0][]{chapter.8}{\376\377\0008\000\040\000S\000o\000b\000l\000e\000v\172\172\225\364}{}% 60
\BOOKMARK [1][]{section.8.1}{\376\377\0008\000.\0001\000\040\122\006\136\003\116\016\137\061\133\374\145\160}{chapter.8}% 61
\BOOKMARK [2][]{subsection.8.1.1}{\376\377\0008\000.\0001\000.\0001\000\040\122\006\136\003}{section.8.1}% 62
\BOOKMARK [2][]{subsection.8.1.2}{\376\377\0008\000.\0001\000.\0002\000\040\137\061\133\374\145\160}{section.8.1}% 63
\BOOKMARK [1][]{section.8.2}{\376\377\0008\000.\0002\000\040\170\350\121\111\123\026}{chapter.8}% 64
\BOOKMARK [1][]{section.8.3}{\376\377\0008\000.\0003\000\040\000S\000o\000b\000l\000e\000v\172\172\225\364}{chapter.8}% 65
\BOOKMARK [1][]{section.8.4}{\376\377\0008\000.\0004\000\040\000S\000o\000b\000l\000e\000v\121\375\145\160\166\204\220\074\217\321}{chapter.8}% 66
\BOOKMARK [1][]{section.8.5}{\376\377\0008\000.\0005\000\040\136\366\142\323\173\227\133\120}{chapter.8}% 67
\BOOKMARK [1][]{section.8.6}{\376\377\0008\000.\0006\000\040\135\114\121\145\133\232\164\006}{chapter.8}% 68
\BOOKMARK [2][]{subsection.8.6.1}{\376\377\0008\000.\0006\000.\0001\000\040\203\253\226\367\116\015\173\111\137\017}{section.8.6}% 69
\BOOKMARK [2][]{subsection.8.6.2}{\376\377\0008\000.\0006\000.\0002\000\040\000G\000a\000g\000l\000i\000a\000r\000d\000o\040\023\000N\000i\000r\000e\000n\000b\000e\000r\000g\116\015\173\111\137\017}{section.8.6}% 70
\BOOKMARK [2][]{subsection.8.6.3}{\376\377\0008\000.\0006\000.\0003\000\040\232\330\226\066\000\040\000S\000o\000b\000l\000e\000v\000\040\117\060\213\241}{section.8.6}% 71
\BOOKMARK [1][]{section.8.7}{\376\377\0008\000.\0007\000\040\175\047\135\114\121\145}{chapter.8}% 72
\BOOKMARK [1][]{section.8.8}{\376\377\0008\000.\0008\000\040\123\357\137\256\140\047\140\047\215\050}{chapter.8}% 73
\BOOKMARK [1][]{section.8.9}{\376\377\0008\000.\0009\000\040\116\140\230\230}{chapter.8}% 74
\BOOKMARK [0][]{chapter.9}{\376\377\0009\000\040\176\277\140\047\120\117\137\256\122\006\145\271\172\013}{}% 75
\BOOKMARK [1][]{section.9.1}{\376\377\0009\000.\0001\000\040\151\055\127\006\127\213\145\271\172\013}{chapter.9}% 76
\BOOKMARK [2][]{subsection.9.1.1}{\376\377\0009\000.\0001\000.\0001\000\040\162\151\164\006\213\340\221\312}{section.9.1}% 77
\BOOKMARK [2][]{subsection.9.1.2}{\376\377\0009\000.\0001\000.\0002\000\040\176\317\121\170\211\343\116\016\137\061\211\343}{section.9.1}% 78
\BOOKMARK [2][]{subsection.9.1.3}{\376\377\0009\000.\0001\000.\0003\000\040\237\120\153\041\116\214\226\066\151\055\127\006\173\227\133\120}{section.9.1}% 79
\BOOKMARK [2][]{subsection.9.1.4}{\376\377\0009\000.\0001\000.\0004\000\040\143\011\162\171\137\201\121\375\145\160\166\204\134\125\137\000\210\150\171\072}{section.9.1}% 80
\BOOKMARK [2][]{subsection.9.1.5}{\376\377\0009\000.\0001\000.\0005\000\040\146\364\116\000\202\054\166\204\176\277\140\047\151\055\127\006\127\213\173\227\133\120}{section.9.1}% 81
\BOOKMARK [1][]{section.9.2}{\376\377\0009\000.\0002\000\040\142\233\162\151\127\213\145\271\172\013}{chapter.9}% 82
\BOOKMARK [2][]{subsection.9.2.1}{\376\377\0009\000.\0002\000.\0001\000\040\211\343\143\011\162\171\137\201\121\375\145\160\166\204\210\150\171\072}{section.9.2}% 83
\BOOKMARK [2][]{subsection.9.2.2}{\376\377\0009\000.\0002\000.\0002\000\040\146\364\116\000\202\054\166\204\173\227\133\120}{section.9.2}% 84
\BOOKMARK [1][]{section.9.3}{\376\377\0009\000.\0003\000\040\123\314\146\362\127\213\145\271\172\013}{chapter.9}% 85
\BOOKMARK [1][]{section.9.4}{\376\377\0009\000.\0004\000\040\116\140\230\230}{chapter.9}% 86
\BOOKMARK [0][]{appendix.A}{\376\377\000A\000\040\200\314\146\157\167\345\213\306}{}% 87
\BOOKMARK [1][]{section.A.1}{\376\377\000A\000.\0001\000\040\120\117\136\217\226\306}{appendix.A}% 88
\BOOKMARK [1][]{section.A.2}{\376\377\000A\000.\0002\000\040\136\246\221\317\172\172\225\364\116\016\142\323\142\121\172\172\225\364}{appendix.A}% 89
\BOOKMARK [2][]{subsection.A.2.1}{\376\377\000A\000.\0002\000.\0001\000\040\123\213\177\051\146\040\134\004\166\204\116\015\122\250\160\271}{section.A.2}% 90
\BOOKMARK [2][]{subsection.A.2.2}{\376\377\000A\000.\0002\000.\0002\000\040\000B\000a\000i\000r\000e\176\262\133\232\164\006}{section.A.2}% 91
\BOOKMARK [1][]{section.A.3}{\376\377\000A\000.\0003\000\040\000L\000e\000b\000e\000s\000g\000u\000e\155\113\136\246\164\006\213\272\126\336\230\176}{appendix.A}% 92
\BOOKMARK [2][]{subsection.A.3.1}{\376\377\000A\000.\0003\000.\0001\000\040\123\357\155\113\226\306}{section.A.3}% 93
\BOOKMARK [2][]{subsection.A.3.2}{\376\377\000A\000.\0003\000.\0002\000\040\000L\000e\000b\000e\000s\000g\000u\000e\171\357\122\006}{section.A.3}% 94
\BOOKMARK [1][]{section.A.4}{\376\377\000A\000.\0004\000\040\123\326\120\074\116\216\000B\000a\000n\000a\000c\000h\172\172\225\364\166\204\121\375\145\160\166\204\171\357\122\006}{appendix.A}% 95
\BOOKMARK [1][]{section.A.5}{\376\377\000A\000.\0005\000\040\170\350\121\111\121\375\145\160}{appendix.A}% 96
\BOOKMARK [2][]{subsection.A.5.1}{\376\377\000A\000.\0005\000.\0001\000\040\123\125\117\115\122\006\211\343}{section.A.5}% 97
\BOOKMARK [1][]{section.A.6}{\376\377\000A\000.\0006\000\040\116\015\173\111\137\017}{appendix.A}% 98
\BOOKMARK [2][]{subsection.A.6.1}{\376\377\000A\000.\0006\000.\0001\000\040\121\370\226\306\116\016\121\370\121\375\145\160}{section.A.6}% 99
\BOOKMARK [2][]{subsection.A.6.2}{\376\377\000A\000.\0006\000.\0002\000\040\127\372\147\054\116\015\173\111\137\017\000.}{section.A.6}% 100
\BOOKMARK [2][]{subsection.A.6.3}{\376\377\000A\000.\0006\000.\0003\000\040\116\000\116\052\137\256\122\006\116\015\173\111\137\017\000.}{section.A.6}% 101
\BOOKMARK [1][]{section.A.7}{\376\377\000A\000.\0007\000\040\116\140\230\230}{appendix.A}% 102
\BOOKMARK [0][]{appendix.B}{\376\377\000B\000\040\173\046\123\367\213\364\146\016\154\107\140\073}{}% 103
