\BOOKMARK [0][]{chapter.1}{\376\377\0001\000\040\137\025\212\000}{}% 1
\BOOKMARK [1][]{section.1.1}{\376\377\0001\000.\0001\000\040\176\277\140\047\145\271\172\013}{chapter.1}% 2
\BOOKMARK [1][]{section.1.2}{\376\377\0001\000.\0002\000\040\157\024\123\026\145\271\172\013}{chapter.1}% 3
\BOOKMARK [1][]{section.1.3}{\376\377\0001\000.\0003\000\040\121\375\145\160\172\172\225\364}{chapter.1}% 4
\BOOKMARK [1][]{section.1.4}{\376\377\0001\000.\0004\000\040\175\047\140\047}{chapter.1}% 5
\BOOKMARK [0][]{chapter.2}{\376\377\0002\000\040\000B\000a\000n\000a\000c\000h\172\172\225\364}{}% 6
\BOOKMARK [1][]{section.2.1}{\376\377\0002\000.\0001\000\040\127\372\147\054\133\232\116\111}{chapter.2}% 7
\BOOKMARK [2][]{subsection.2.1.1}{\376\377\0002\000.\0001\000.\0001\000\040\215\113\203\003\172\172\225\364\116\016\000B\000a\000n\000a\000c\000h\172\172\225\364\166\204\117\213\133\120\000.}{section.2.1}% 8
\BOOKMARK [1][]{section.2.2}{\376\377\0002\000.\0002\000\040\176\277\140\047\173\227\133\120}{chapter.2}% 9
\BOOKMARK [2][]{subsection.2.2.1}{\376\377\0002\000.\0002\000.\0001\000\040\176\277\140\047\173\227\133\120\171\072\117\213}{section.2.2}% 10
\BOOKMARK [1][]{section.2.3}{\376\377\0002\000.\0003\000\040\147\011\226\120\176\364\172\172\225\364}{chapter.2}% 11
\BOOKMARK [1][]{section.2.4}{\376\377\0002\000.\0004\000\040\123\112\203\003\145\160\116\016\000F\000r\000\351\000c\000h\000e\000t\172\172\225\364}{chapter.2}% 12
\BOOKMARK [1][]{section.2.5}{\376\377\0002\000.\0005\000\040\142\151\137\040\133\232\164\006}{chapter.2}% 13
\BOOKMARK [1][]{section.2.6}{\376\377\0002\000.\0006\000\040\121\370\226\306\166\204\122\006\171\273}{chapter.2}% 14
\BOOKMARK [1][]{section.2.7}{\376\377\0002\000.\0007\000\040\133\371\120\166\172\172\225\364\116\016\137\061\145\066\145\133}{chapter.2}% 15
\BOOKMARK [2][]{subsection.2.7.1}{\376\377\0002\000.\0007\000.\0001\000\040\137\061\145\066\145\133}{section.2.7}% 16
\BOOKMARK [2][]{subsection.2.7.2}{\376\377\0002\000.\0007\000.\0002\000\040\137\061\000*\145\066\145\133}{section.2.7}% 17
\BOOKMARK [1][]{section.2.8}{\376\377\0002\000.\0008\000\040\116\140\230\230}{chapter.2}% 18
\BOOKMARK [0][]{chapter.3}{\376\377\0003\000\040\217\336\176\355\121\375\145\160\172\172\225\364}{}% 19
\BOOKMARK [1][]{section.3.1}{\376\377\0003\000.\0001\000\040\147\011\165\114\217\336\176\355\121\375\145\160}{chapter.3}% 20
\BOOKMARK [1][]{section.3.2}{\376\377\0003\000.\0002\000\040\000S\000t\000o\000n\000e\000-\000W\000e\000i\000e\000r\000s\000t\000r\000a\000s\000s\220\074\217\321\133\232\164\006}{chapter.3}% 21
\BOOKMARK [2][]{subsection.3.2.1}{\376\377\0003\000.\0002\000.\0001\000\040\131\015\120\074\121\375\145\160}{section.3.2}% 22
\BOOKMARK [1][]{section.3.3}{\376\377\0003\000.\0003\000\040\000A\000s\000c\000o\000l\000i\175\047\140\047\133\232\164\006}{chapter.3}% 23
\BOOKMARK [1][]{section.3.4}{\376\377\0003\000.\0004\000\040\000H\000\366\000l\000d\000e\000r\000\040\217\336\176\355\121\375\145\160\172\172\225\364}{chapter.3}% 24
\BOOKMARK [1][]{section.3.5}{\376\377\0003\000.\0005\000\040\116\140\230\230}{chapter.3}% 25
