\BOOKMARK [0][]{sjtubookmark.1.0}{\376\377\166\356\137\125}{}% 1
\BOOKMARK [0][]{chapter.1}{\376\377\173\054\000\040\0001\000\040\172\340\000\040\000Y\000o\000u\000n\000g\210\150}{}% 2
\BOOKMARK [1][-]{section.1.1}{\376\377\0001\000.\0001\000\040\122\006\142\306}{chapter.1}% 3
\BOOKMARK [1][-]{section.1.2}{\376\377\0001\000.\0002\000\040\000Y\000o\000u\000n\000g\210\150}{chapter.1}% 4
\BOOKMARK [1][-]{section.1.3}{\376\377\0001\000.\0003\000\040\000Y\000o\000u\000n\000g\133\120\177\244}{chapter.1}% 5
\BOOKMARK [1][-]{section.1.4}{\376\377\0001\000.\0004\000\040\000Y\000o\000u\000n\000g\133\371\171\360\123\026\133\120}{chapter.1}% 6
\BOOKMARK [0][]{chapter.2}{\376\377\173\054\000\040\0002\000\040\172\340\000\040\133\371\171\360\177\244\166\204\116\015\123\357\176\246\210\150\171\072}{}% 7
\BOOKMARK [1][-]{section.2.1}{\376\377\0002\000.\0001\000\040\177\156\143\142\152\041}{chapter.2}% 8
\BOOKMARK [1][-]{section.2.2}{\376\377\0002\000.\0002\000\040\000S\000p\000e\000c\000h\000t\152\041}{chapter.2}% 9
\BOOKMARK [1][-]{section.2.3}{\376\377\0002\000.\0003\000\040\000M\003\273\124\214\000S\003\273\166\204\176\323\147\204\116\016\140\047\215\050}{chapter.2}% 10
\BOOKMARK [1][-]{section.2.4}{\376\377\0002\000.\0004\000\040\133\120\152\041\133\232\164\006\124\214\000S\000p\000e\000c\000h\000t\152\041\166\204\116\015\123\357\176\246\140\047}{chapter.2}% 11
\BOOKMARK [1][-]{section.2.5}{\376\377\0002\000.\0005\000\040\176\364\145\160\133\232\164\006}{chapter.2}% 12
\BOOKMARK [0][]{chapter.3}{\376\377\173\054\000\040\0003\000\040\172\340\000\040\133\371\171\360\177\244\166\204\162\171\137\201\150\007}{}% 13
\BOOKMARK [1][-]{section.3.1}{\376\377\0003\000.\0001\000\040\000F\000r\000o\000b\000e\000n\000i\000u\000s\121\154\137\017}{chapter.3}% 14
\BOOKMARK [1][-]{section.3.2}{\376\377\0003\000.\0002\000\040\217\271\165\114\136\046\210\150}{chapter.3}% 15
\BOOKMARK [1][-]{section.3.3}{\376\377\0003\000.\0003\000\040\000M\000u\000r\000n\000a\000g\000h\000a\000n\000-\000N\000a\000k\000a\000y\000a\000m\000a\121\154\137\017}{chapter.3}% 16
\BOOKMARK [1][-]{section.3.4}{\376\377\0003\000.\0004\000\040\224\251\225\177\121\154\137\017}{chapter.3}% 17
\BOOKMARK [1][-]{section.3.5}{\376\377\0003\000.\0005\000\040\127\372\116\216\116\013\226\115\164\006\213\272\166\204\162\171\137\201\150\007\121\154\137\017}{chapter.3}% 18
\BOOKMARK [2][-]{subsection.3.5.1}{\376\377\0003\000.\0005\000.\0001\000\040\150\007\121\306\000Y\000o\000u\000n\000g\210\150\166\204\116\013\226\115\226\306}{section.3.5}% 19
\BOOKMARK [2][-]{subsection.3.5.2}{\376\377\0003\000.\0005\000.\0002\000\040\000R\000o\000i\000c\000h\000m\000a\000n\000\040\162\171\137\201\150\007\121\154\137\017}{section.3.5}% 20
\BOOKMARK [2][-]{subsection.3.5.3}{\376\377\0003\000.\0005\000.\0003\000\040\133\236\117\213\377\032\000S\0004\000\040\166\204\162\171\137\201\150\007\210\150\213\241\173\227}{section.3.5}% 21
\BOOKMARK [0][]{chapter.4}{\376\377\173\054\000\040\0004\000\040\172\340\000\040\140\073\176\323}{}% 22
\BOOKMARK [0][]{section*.6}{\376\377\121\163\225\056\213\315\175\042\137\025}{}% 23
